<html>
<head><title>System Report</title><style>body { font-family: Arial, sans-serif; background-color: #f4f4f4; color: #333; padding: 20px;} h1 { color: #4CAF50; text-align: center; border-bottom: 2px solid #4CAF50; padding-bottom: 10px; margin-bottom: 20px;} h2 { color: #555; margin-top: 20px;} p { line-height: 1.6; margin-bottom: 15px;} pre { background-color: #f0f0f0; padding: 15px; border-radius: 4px; font-family: Courier, monospace; overflow-x: auto; white-space: pre-wrap;} .section { padding: 10px; background-color: #ffffff; margin-bottom: 15px; border-radius: 8px; box-shadow: 0 2px 4px rgba(0, 0, 0, 0.1);}</style></head>
<body><h1>System Report</h1>
<div class='section'>
<h2>Uptime</h2>
<pre>
Device been up for: 16:29:24 up 5 min, 1 user, load 
</pre>
</div>
<div class='section'>
<h2>Kernel Version</h2>
<pre>
Kernel version: 5.15.167.4-microsoft-standard-WSL2
</pre>
</div>
<div class='section'>
<h2>Process Load Average</h2>
<pre>
1-Minute Load Avg: 0.11
5-Minute Load Avg: 0.10
15-Minute Load Avg: 0.04
</pre>
</div>
<div class='section'>
<h2>CPU Usage</h2>
<pre>
Total CPU usage is: 0%
</pre>
</div>
<div class='section'>
<h2>CPU Temperature</h2>
<pre>
Error retrieving CPU temperature
</pre>
</div>
<div class='section'>
<h2>GPU Usage</h2>
<pre>

</pre>
</div>
<div class='section'>
<h2>Disk Usage</h2>
<pre>
Filesystem      Size       Used       Use%      
none            3.9G       0          0%        
none            3.9G       4.0K       1%        
drivers         194G       171G       88%       
sdc             1007G      3.9G       1%        
none            3.9G       92K        1%        
none            3.9G       0          0%        
rootfs          3.9G       2.2M       1%        
none            3.9G       556K       1%        
none            3.9G       0          0%        
none            3.9G       0          0%        
tmpfs           4.0M       0          0%        
none            3.9G       212K       1%        
none            3.9G       212K       1%        
</pre>
</div>
<div class='section'>
<h2>Memory Usage</h2>
<pre>
               total        used        free      shared  buff/cache   available
Mem:           7.6Gi       464Mi       6.0Gi       3.0Mi       1.1Gi       6.9Gi
Swap:          2.0Gi          0B       2.0Gi
</pre>
</div>
<div class='section'>
<h2>IP Address</h2>
<pre>
Local ip is: 127.0.0.1/8
Global ip is: 45.99.126.216
</pre>
</div>
<div class='section'>
<h2>Internet Speed</h2>
<pre>
Internet speed is: Ping: 35.774 ms
Download: 54.88 Mbit/s
Upload: 26.87 Mbit/s
</pre>
</div>
<div class='section'>
<h2>Sockets</h2>
<pre>
Total number of opened sockets: 262
Total number of TCP used sockets: 35
Total number of UDP used sockets: 4
</pre>
</div>
<div class='section'>
<h2>SMART Status</h2>
<pre>
Failed to get SMART status for /dev/sda. Error: smartctl 7.2 2020-12-30 r5155 [x86_64-linux-5.15.167.4-microsoft-standard-WSL2] (local build)
Copyright (C) 2002-20, Bruce Allen, Christian Franke, www.smartmontools.org

=== START OF INFORMATION SECTION ===
Vendor:               Msft
Product:              Virtual Disk
Revision:             1.0
Compliance:           SPC-3
User Capacity:        407,298,048 bytes [407 MB]
Logical block size:   512 bytes
LU is thin provisioned, LBPRZ=0
>> Terminate command early due to bad response to IEC mode page

=== START OF READ SMART DATA SECTION ===
Current Drive Temperature:     0 C
Drive Trip Temperature:        0 C

Error Counter logging not supported

Device does not support Self Test logging
</pre>
</div>
<div class='section'>
<h2>Battery Health</h2>
<pre>
Battery Health:
    state:               charging
    charge-cycles:       N/A
    time to full:        34.3 minutes
    percentage:          34%
    capacity:            100%
</pre>
</div>
<div class='section'>
<h2>Running Processes</h2>
<pre>
Total number of running processes: 40
</pre>
</div>
</body></html>
